// Jest Snapshot v1, https://goo.gl/fbAQLP

exports[`Testing menu drawer should load PayButton 1`] = `
<div
  id="PayButtonDiv"
/>
`;
