// Jest Snapshot v1, https://goo.gl/fbAQLP

exports[`Testing dashboard should render dashboard 1`] = `
<Fragment>
  <InvestorDashboard />
</Fragment>
`;
