// Jest Snapshot v1, https://goo.gl/fbAQLP

exports[`Testing card project should load CardProject 1`] = `
<WithStyles(ForwardRef(Card))
  className="makeStyles-sizeCard-1"
  variant="outlined"
>
  <WithStyles(ForwardRef(CardHeader))
    avatar={
      <WithStyles(ForwardRef(Avatar))
        aria-label="photo"
        src="https://images.unsplash.com/photo-1619537765439-1469ac26014a?ixid=MnwxMjA3fDF8MHxwaG90by1wYWdlfHx8fGVufDB8fHx8&ixlib=rb-1.2.1&auto=format&fit=crop&w=1400&q=80"
      />
    }
    subheader={
      Object {
        "$date": "2019-02-16T05:00:00.000Z",
      }
    }
    title="Nombre de usuario"
  />
  <WithStyles(ForwardRef(CardMedia))
    alt="Project image"
    component="img"
    height="210"
    image="https://images.unsplash.com/photo-1619537765439-1469ac26014a?ixid=MnwxMjA3fDF8MHxwaG90by1wYWdlfHx8fGVufDB8fHx8&ixlib=rb-1.2.1&auto=format&fit=crop&w=1400&q=80"
  />
  <WithStyles(ForwardRef(CardActionArea))>
    <WithStyles(ForwardRef(CardContent))>
      <WithStyles(ForwardRef(Typography))
        component="h2"
        gutterBottom={true}
        variant="h5"
      >
        Beach & talk
      </WithStyles(ForwardRef(Typography))>
      <WithStyles(ForwardRef(Typography))
        component="p"
        variant="body2"
      >
        Meta de financiaci√≥n: $ 
        50000
      </WithStyles(ForwardRef(Typography))>
      <WithStyles(ForwardRef(Grid))
        alignItems="start"
        className="makeStyles-cardGrid-4"
        container={true}
        direction="row"
        justify="center"
        spacing={5}
      >
        <WithStyles(ForwardRef(Grid))
          item={true}
        >
          <div
            style={
              Object {
                "alignItems": "center",
                "display": "flex",
                "justifyContent": "center",
              }
            }
          >
            <WithStyles(ForwardRef(Avatar))
              className="makeStyles-avatar-3"
            >
              <Memo([object Object]) />
            </WithStyles(ForwardRef(Avatar))>
          </div>
          <WithStyles(ForwardRef(Typography))
            align="center"
          >
             Financiado 
          </WithStyles(ForwardRef(Typography))>
          <WithStyles(ForwardRef(Typography))
            align="center"
            className="makeStyles-mainColor-2"
          >
             $ 
            10000
          </WithStyles(ForwardRef(Typography))>
        </WithStyles(ForwardRef(Grid))>
        <WithStyles(ForwardRef(Grid))
          item={true}
        >
          <div
            style={
              Object {
                "alignItems": "center",
                "display": "flex",
                "justifyContent": "center",
              }
            }
          >
            <ProgressGraph
              progress={20}
            />
          </div>
          <WithStyles(ForwardRef(Typography))
            align="center"
          >
             Progreso 
          </WithStyles(ForwardRef(Typography))>
        </WithStyles(ForwardRef(Grid))>
        <WithStyles(ForwardRef(Grid))
          item={true}
        >
          <div
            style={
              Object {
                "alignItems": "center",
                "display": "flex",
                "justifyContent": "center",
              }
            }
          >
            <WithStyles(ForwardRef(Avatar))
              className="makeStyles-avatar-3"
            >
               
              5
               
            </WithStyles(ForwardRef(Avatar))>
          </div>
          <WithStyles(ForwardRef(Typography))
            align="center"
          >
             Socios 
          </WithStyles(ForwardRef(Typography))>
        </WithStyles(ForwardRef(Grid))>
      </WithStyles(ForwardRef(Grid))>
    </WithStyles(ForwardRef(CardContent))>
  </WithStyles(ForwardRef(CardActionArea))>
</WithStyles(ForwardRef(Card))>
`;
