// Jest Snapshot v1, https://goo.gl/fbAQLP

exports[`Testing progress bar should render appÂº 1`] = `
<Fragment>
  <BrowserRouter>
    <AuthProvider>
      <Redirect
        exact={true}
        from="/"
        to="/login"
      />
      <Switch>
        <Route
          component={[Function]}
          exact={true}
          path="/login"
        />
        <PrivateRoute
          component={[Function]}
          exact={true}
          path="/project-description"
        />
        <Route
          component={[Function]}
          exact={true}
          path="/signup"
        />
        <PrivateRoute
          component={[Function]}
          exact={true}
          path="/register-project"
        />
        <Route
          component={[Function]}
          exact={true}
          path="/user-type"
        />
      </Switch>
    </AuthProvider>
  </BrowserRouter>
</Fragment>
`;
