// Jest Snapshot v1, https://goo.gl/fbAQLP

exports[`Testing menu drawer should load investor dashboard 1`] = `
<Navigation />
            <div className={classes.offset}></div>
            <div className={classes.root}>
                <Grid container spacing={2} direction="col" justify="center" alignItems="center" className={classes.allItems}>
                    <Grid item xs={12}>
                        <Grid container spacing={2} direction="row" justify="center" className={classes.items}>
                            {
                                items.map(item => (
                                    <Grid item xs={12} sm={5} lg={3}>
                                        <div style={{ display: "flex", alignItems: "center", justifyContent: "center" }}>
                                            <Card variant="outlined" className={classes.dashItem}>
                                                <Avatar className={classes.cardAvatar} variant="rounded">
                                                    {item.icon}
                                                </Avatar>
                                                <CardActionArea onClick={() => { history.push(item.path) }}>
                                                    <CardContent className={classes.itemContent}>
                                                        <Typography variant="h4" align="center" className={classes.mainColor} >{item.number}</Typography>
                                                        <Typography align="center">{item.description}</Typography>
                                                    </CardContent>
                                                </CardActionArea>
                                            </Card>
                                        </div>
                                    </Grid>
                                ))
                            }
                        </Grid>
                    </Grid>
                    <Grid item xs={12}>
                        <Grid container spacing={2} direction="row" justify="center">
                            <Grid item xs={12} sm={10} lg={6}>
                                <Card variant="outlined" className={classes.cardChart}>
                                    <CardContent>
                                        <Typography className={classes.mainColor} variant="button" display="block">Inversiones en los últimos 6 meses</Typography>
                                        <Box p={3}>
                                            <InvestmentsChart />
                                        </Box>
                                    </CardContent>
                                </Card>
                            </Grid>
                            <Grid item xs={12} sm={10} lg={6}>
                                <Card variant="outlined" className={classes.projects}>
                                    <CardContent>
                                        <Typography className={classes.mainColor} variant="button" display="block">Oportunidades de inversión</Typography>
                                            <div className={classes.rootProjects}>
                                                <GridList  className={classes.gridList}>
                                                    {projects.map((project) => (
                                                        <GridListTile className={classes.gridListTile}>
                                                            <CardProject project={project} />
                                                        </GridListTile>
                                                    ))}
                                                </GridList>
                                            </div>
                                    </CardContent>
                                </Card>
                            </Grid>
                        </Grid>
                    </Grid>
                </Grid>
                <Fab aria-label="Chat" className={classes.fab}>
                    <ChatBubbleOutlineIcon />
                </Fab>
            </div>
`;
